// Jest Snapshot v1, https://goo.gl/fbAQLP

exports[`renders correctly 1`] = `
<View
  style={
    Object {
      "backgroundColor": "#EEF0F4",
      "flexGrow": 1,
      "marginTop": -33,
    }
  }
>
  <View
    onLayout={[Function]}
    style={
      Object {
        "flex": 1,
      }
    }
    testID="GC_LOADING_CONTAINER"
  />
</View>
`;
