// Jest Snapshot v1, https://goo.gl/fbAQLP

exports[`renders correctly 1`] = `
<View
  style={
    Object {
      "backgroundColor": "#EEF0F4",
      "flexGrow": 1,
      "marginBottom": 0.1,
    }
  }
>
  <View
    accessible={true}
    collapsable={false}
    focusable={true}
    onClick={[Function]}
    onResponderGrant={[Function]}
    onResponderMove={[Function]}
    onResponderRelease={[Function]}
    onResponderTerminate={[Function]}
    onResponderTerminationRequest={[Function]}
    onStartShouldSetResponder={[Function]}
    style={
      Object {
        "flex": 1,
        "flexDirection": "row",
        "opacity": 1,
      }
    }
  >
    <Text
      style={
        Object {
          "color": "#282F6F",
          "fontSize": 16,
        }
      }
    >
      Central & Western
    </Text>
  </View>
  <View
    accessible={true}
    collapsable={false}
    focusable={true}
    onClick={[Function]}
    onResponderGrant={[Function]}
    onResponderMove={[Function]}
    onResponderRelease={[Function]}
    onResponderTerminate={[Function]}
    onResponderTerminationRequest={[Function]}
    onStartShouldSetResponder={[Function]}
    style={
      Object {
        "backgroundColor": "#282F6F",
        "borderColor": "#cba3ce",
        "borderWidth": 5,
        "flex": 1,
        "flexDirection": "row",
        "margin": 8,
        "opacity": 1,
      }
    }
  >
    <Text
      style={
        Object {
          "color": "#FFFFFF",
          "fontSize": 16,
        }
      }
    >
      Eastern
    </Text>
  </View>
  <View
    accessible={true}
    collapsable={false}
    focusable={true}
    onClick={[Function]}
    onResponderGrant={[Function]}
    onResponderMove={[Function]}
    onResponderRelease={[Function]}
    onResponderTerminate={[Function]}
    onResponderTerminationRequest={[Function]}
    onStartShouldSetResponder={[Function]}
    style={
      Object {
        "flex": 1,
        "flexDirection": "row",
        "opacity": 1,
      }
    }
  >
    <Text
      style={
        Object {
          "color": "#282F6F",
          "fontSize": 16,
        }
      }
    >
      Islands
    </Text>
  </View>
  <View
    accessible={true}
    collapsable={false}
    focusable={true}
    onClick={[Function]}
    onResponderGrant={[Function]}
    onResponderMove={[Function]}
    onResponderRelease={[Function]}
    onResponderTerminate={[Function]}
    onResponderTerminationRequest={[Function]}
    onStartShouldSetResponder={[Function]}
    style={
      Object {
        "backgroundColor": "#282F6F",
        "borderColor": "#cba3ce",
        "borderWidth": 5,
        "flex": 1,
        "flexDirection": "row",
        "margin": 8,
        "opacity": 1,
      }
    }
  >
    <Text
      style={
        Object {
          "color": "#FFFFFF",
          "fontSize": 16,
        }
      }
    >
      Kowloon City
    </Text>
  </View>
  <View
    accessible={true}
    collapsable={false}
    focusable={true}
    onClick={[Function]}
    onResponderGrant={[Function]}
    onResponderMove={[Function]}
    onResponderRelease={[Function]}
    onResponderTerminate={[Function]}
    onResponderTerminationRequest={[Function]}
    onStartShouldSetResponder={[Function]}
    style={
      Object {
        "flex": 1,
        "flexDirection": "row",
        "opacity": 1,
      }
    }
  >
    <Text
      style={
        Object {
          "color": "#282F6F",
          "fontSize": 16,
        }
      }
    >
      Kwai Tsing
    </Text>
  </View>
  <View
    accessible={true}
    collapsable={false}
    focusable={true}
    onClick={[Function]}
    onResponderGrant={[Function]}
    onResponderMove={[Function]}
    onResponderRelease={[Function]}
    onResponderTerminate={[Function]}
    onResponderTerminationRequest={[Function]}
    onStartShouldSetResponder={[Function]}
    style={
      Object {
        "backgroundColor": "#282F6F",
        "borderColor": "#cba3ce",
        "borderWidth": 5,
        "flex": 1,
        "flexDirection": "row",
        "margin": 8,
        "opacity": 1,
      }
    }
  >
    <Text
      style={
        Object {
          "color": "#FFFFFF",
          "fontSize": 16,
        }
      }
    >
      Kwun Tong
    </Text>
  </View>
  <View
    accessible={true}
    collapsable={false}
    focusable={true}
    onClick={[Function]}
    onResponderGrant={[Function]}
    onResponderMove={[Function]}
    onResponderRelease={[Function]}
    onResponderTerminate={[Function]}
    onResponderTerminationRequest={[Function]}
    onStartShouldSetResponder={[Function]}
    style={
      Object {
        "flex": 1,
        "flexDirection": "row",
        "opacity": 1,
      }
    }
  >
    <Text
      style={
        Object {
          "color": "#282F6F",
          "fontSize": 16,
        }
      }
    >
      North
    </Text>
  </View>
  <View
    accessible={true}
    collapsable={false}
    focusable={true}
    onClick={[Function]}
    onResponderGrant={[Function]}
    onResponderMove={[Function]}
    onResponderRelease={[Function]}
    onResponderTerminate={[Function]}
    onResponderTerminationRequest={[Function]}
    onStartShouldSetResponder={[Function]}
    style={
      Object {
        "backgroundColor": "#282F6F",
        "borderColor": "#cba3ce",
        "borderWidth": 5,
        "flex": 1,
        "flexDirection": "row",
        "margin": 8,
        "opacity": 1,
      }
    }
  >
    <Text
      style={
        Object {
          "color": "#FFFFFF",
          "fontSize": 16,
        }
      }
    >
      Sai Kung
    </Text>
  </View>
  <View
    accessible={true}
    collapsable={false}
    focusable={true}
    onClick={[Function]}
    onResponderGrant={[Function]}
    onResponderMove={[Function]}
    onResponderRelease={[Function]}
    onResponderTerminate={[Function]}
    onResponderTerminationRequest={[Function]}
    onStartShouldSetResponder={[Function]}
    style={
      Object {
        "flex": 1,
        "flexDirection": "row",
        "opacity": 1,
      }
    }
  >
    <Text
      style={
        Object {
          "color": "#282F6F",
          "fontSize": 16,
        }
      }
    >
      Sha Tin
    </Text>
  </View>
  <View
    accessible={true}
    collapsable={false}
    focusable={true}
    onClick={[Function]}
    onResponderGrant={[Function]}
    onResponderMove={[Function]}
    onResponderRelease={[Function]}
    onResponderTerminate={[Function]}
    onResponderTerminationRequest={[Function]}
    onStartShouldSetResponder={[Function]}
    style={
      Object {
        "backgroundColor": "#282F6F",
        "borderColor": "#cba3ce",
        "borderWidth": 5,
        "flex": 1,
        "flexDirection": "row",
        "margin": 8,
        "opacity": 1,
      }
    }
  >
    <Text
      style={
        Object {
          "color": "#FFFFFF",
          "fontSize": 16,
        }
      }
    >
      Sham Shui Po
    </Text>
  </View>
  <View
    accessible={true}
    collapsable={false}
    focusable={true}
    onClick={[Function]}
    onResponderGrant={[Function]}
    onResponderMove={[Function]}
    onResponderRelease={[Function]}
    onResponderTerminate={[Function]}
    onResponderTerminationRequest={[Function]}
    onStartShouldSetResponder={[Function]}
    style={
      Object {
        "flex": 1,
        "flexDirection": "row",
        "opacity": 1,
      }
    }
  >
    <Text
      style={
        Object {
          "color": "#282F6F",
          "fontSize": 16,
        }
      }
    >
      Southern
    </Text>
  </View>
  <View
    accessible={true}
    collapsable={false}
    focusable={true}
    onClick={[Function]}
    onResponderGrant={[Function]}
    onResponderMove={[Function]}
    onResponderRelease={[Function]}
    onResponderTerminate={[Function]}
    onResponderTerminationRequest={[Function]}
    onStartShouldSetResponder={[Function]}
    style={
      Object {
        "backgroundColor": "#282F6F",
        "borderColor": "#cba3ce",
        "borderWidth": 5,
        "flex": 1,
        "flexDirection": "row",
        "margin": 8,
        "opacity": 1,
      }
    }
  >
    <Text
      style={
        Object {
          "color": "#FFFFFF",
          "fontSize": 16,
        }
      }
    >
      Tai Po
    </Text>
  </View>
  <View
    accessible={true}
    collapsable={false}
    focusable={true}
    onClick={[Function]}
    onResponderGrant={[Function]}
    onResponderMove={[Function]}
    onResponderRelease={[Function]}
    onResponderTerminate={[Function]}
    onResponderTerminationRequest={[Function]}
    onStartShouldSetResponder={[Function]}
    style={
      Object {
        "flex": 1,
        "flexDirection": "row",
        "opacity": 1,
      }
    }
  >
    <Text
      style={
        Object {
          "color": "#282F6F",
          "fontSize": 16,
        }
      }
    >
      Tsuen Wan
    </Text>
  </View>
  <View
    accessible={true}
    collapsable={false}
    focusable={true}
    onClick={[Function]}
    onResponderGrant={[Function]}
    onResponderMove={[Function]}
    onResponderRelease={[Function]}
    onResponderTerminate={[Function]}
    onResponderTerminationRequest={[Function]}
    onStartShouldSetResponder={[Function]}
    style={
      Object {
        "backgroundColor": "#282F6F",
        "borderColor": "#cba3ce",
        "borderWidth": 5,
        "flex": 1,
        "flexDirection": "row",
        "margin": 8,
        "opacity": 1,
      }
    }
  >
    <Text
      style={
        Object {
          "color": "#FFFFFF",
          "fontSize": 16,
        }
      }
    >
      Tuen Mun
    </Text>
  </View>
  <View
    accessible={true}
    collapsable={false}
    focusable={true}
    onClick={[Function]}
    onResponderGrant={[Function]}
    onResponderMove={[Function]}
    onResponderRelease={[Function]}
    onResponderTerminate={[Function]}
    onResponderTerminationRequest={[Function]}
    onStartShouldSetResponder={[Function]}
    style={
      Object {
        "flex": 1,
        "flexDirection": "row",
        "opacity": 1,
      }
    }
  >
    <Text
      style={
        Object {
          "color": "#282F6F",
          "fontSize": 16,
        }
      }
    >
      Wan Chai
    </Text>
  </View>
  <View
    accessible={true}
    collapsable={false}
    focusable={true}
    onClick={[Function]}
    onResponderGrant={[Function]}
    onResponderMove={[Function]}
    onResponderRelease={[Function]}
    onResponderTerminate={[Function]}
    onResponderTerminationRequest={[Function]}
    onStartShouldSetResponder={[Function]}
    style={
      Object {
        "backgroundColor": "#282F6F",
        "borderColor": "#cba3ce",
        "borderWidth": 5,
        "flex": 1,
        "flexDirection": "row",
        "margin": 8,
        "opacity": 1,
      }
    }
  >
    <Text
      style={
        Object {
          "color": "#FFFFFF",
          "fontSize": 16,
        }
      }
    >
      Wong Tai Sin
    </Text>
  </View>
  <View
    accessible={true}
    collapsable={false}
    focusable={true}
    onClick={[Function]}
    onResponderGrant={[Function]}
    onResponderMove={[Function]}
    onResponderRelease={[Function]}
    onResponderTerminate={[Function]}
    onResponderTerminationRequest={[Function]}
    onStartShouldSetResponder={[Function]}
    style={
      Object {
        "flex": 1,
        "flexDirection": "row",
        "opacity": 1,
      }
    }
  >
    <Text
      style={
        Object {
          "color": "#282F6F",
          "fontSize": 16,
        }
      }
    >
      Yau Tsim Mong
    </Text>
  </View>
  <View
    accessible={true}
    collapsable={false}
    focusable={true}
    onClick={[Function]}
    onResponderGrant={[Function]}
    onResponderMove={[Function]}
    onResponderRelease={[Function]}
    onResponderTerminate={[Function]}
    onResponderTerminationRequest={[Function]}
    onStartShouldSetResponder={[Function]}
    style={
      Object {
        "backgroundColor": "#282F6F",
        "borderColor": "#cba3ce",
        "borderWidth": 5,
        "flex": 1,
        "flexDirection": "row",
        "margin": 8,
        "opacity": 1,
      }
    }
  >
    <Text
      style={
        Object {
          "color": "#FFFFFF",
          "fontSize": 16,
        }
      }
    >
      Yuen Long
    </Text>
  </View>
</View>
`;
