// Jest Snapshot v1, https://goo.gl/fbAQLP

exports[`renders correctly 1`] = `
<View
  style={
    Object {
      "backgroundColor": "#EEF0F4",
      "flexGrow": 1,
      "marginBottom": 0.1,
    }
  }
>
  <View
    style={
      Object {
        "alignItems": "center",
        "padding": 10,
      }
    }
  >
    <View
      accessible={true}
      collapsable={false}
      focusable={true}
      onClick={[Function]}
      onResponderGrant={[Function]}
      onResponderMove={[Function]}
      onResponderRelease={[Function]}
      onResponderTerminate={[Function]}
      onResponderTerminationRequest={[Function]}
      onStartShouldSetResponder={[Function]}
      style={
        Object {
          "alignItems": "center",
          "opacity": 1,
        }
      }
    >
      <Image
        source={1}
      />
    </View>
    <Text>
      Choose a report
    </Text>
    <View
      accessible={true}
      collapsable={false}
      focusable={true}
      onClick={[Function]}
      onResponderGrant={[Function]}
      onResponderMove={[Function]}
      onResponderRelease={[Function]}
      onResponderTerminate={[Function]}
      onResponderTerminationRequest={[Function]}
      onStartShouldSetResponder={[Function]}
      style={
        Object {
          "alignItems": "center",
          "opacity": 1,
        }
      }
    >
      <Image
        source={1}
      />
    </View>
  </View>
  <View
    style={
      Object {
        "backgroundColor": "#cba3ce",
        "height": 0.5,
        "width": "100%",
      }
    }
  />
  <RCTScrollView
    ItemSeparatorComponent={[Function]}
    ListHeaderComponent={[Function]}
    contentContainerStyle={
      Object {
        "flexGrow": 1,
      }
    }
    data={null}
    getItem={[Function]}
    getItemCount={[Function]}
    keyExtractor={[Function]}
    onContentSizeChange={[Function]}
    onLayout={[Function]}
    onMomentumScrollBegin={[Function]}
    onMomentumScrollEnd={[Function]}
    onScroll={[Function]}
    onScrollBeginDrag={[Function]}
    onScrollEndDrag={[Function]}
    removeClippedSubviews={false}
    renderItem={[Function]}
    scrollEventThrottle={50}
    stickyHeaderIndices={Array []}
    viewabilityConfigCallbackPairs={Array []}
  >
    <View>
      <View
        onLayout={[Function]}
      >
        <Text>
          Here are buildings about your selected locations with reported case at 
          :
        </Text>
      </View>
    </View>
  </RCTScrollView>
</View>
`;
